---
source: code/src/ir/program.rs
expression: "Program::new(vec![\"+\".into(), \"*\".into(), \"<\".into(), \">\".into()], vec![])"
---
# symbols
- \+
- \*
- \<
- \>
# instructions
