---
source: vm/src/vm.rs
expression: vm
---
n1 n0
