---
source: vm/src/vm.rs
expression: vm
---
n0 n0
n0 n0
c0 c2
n1 c4
n2 c6
n3 c8

