---
source: vm/src/vm.rs
expression: vm
---
n42 n0

