---
source: vm/src/vm.rs
expression: vm
---
n0 c14:0
n2 c16:0
c18:0 c1a:0
n1 c14:0
n0 n0
n0 n0

