---
source: vm/src/vm.rs
expression: vm
---
c12 c14
n0 n0
n0 n0

