---
source: vm/src/vm.rs
expression: vm
---
00: n0 cfffffffffffffff:2
02: n0 cfffffffffffffff:2
04: c0:0 c2:2
06: n1 c2:2
08: n2 c6:0
0a: n3 c8:0

