---
source: vm/src/vm.rs
expression: vm
---
program counter: ():0
stack: ():0
00: n1 ():0
02: n2 c0:0

