---
source: vm/src/memory.rs
expression: vm
---
program counter: !:0
stack: !:0
00: n0 !:1
02: n0 c0:2
04: c0:0 c2:2
06: n1 c0:0
