---
source: vm/src/vm.rs
expression: vm
---
program counter: c100:0
stack: c102:0
symbols: cfffffffffffffff:0
false: c104:0
00: n0 cfffffffffffffff:2
02: n42 c100:0
04: c106:0 c100:2
06: n0 cfffffffffffffff:2

