---
source: vm/src/memory.rs
expression: memory
---
program counter: !:0
stack: c100:0
100: n2 c104:0 <- stack
102: c106:0 c108:2
104: n1 c106:0
106: n0 c10a:1
108: n0 c106:2
10a: n0 n0
