---
source: vm/src/memory.rs
expression: memory
---
code: !:0
stack: c100:0
100: n42 c104:0 <- stack
102: c104:0 c104:0
104: n0 n0
