---
source: vm/src/vm.rs
expression: vm
---
00: n0 cfffffffffffffff:2
02: c104:0 c100:2
04: n0 cfffffffffffffff:2

