---
source: vm/src/memory.rs
expression: memory
---
program counter: !:0
stack: !:0
00: n0 n0
02: n0 c0:1
04: n0 c2:2
06: c2:0 c4:2
08: n1 c2:0
0a: n2 c8:0
0c: n3 ca:0
