---
source: vm/src/memory.rs
expression: vm
---
program counter: !:0
stack: !:0
100: c102:0 c104:2
102: n0 !:1
104: n0 c102:2
