---
source: vm/src/vm.rs
expression: vm
---
program counter: !:0
stack: c100:0
100: n2 c104:0 <- stack
102: c106:2 c108:0
104: n1 c108:0
106: !:2 n0
108: !:1 n0

